=== Reaching Definitions Analysis ===
entry:
  in:  âˆ…
  out: ('entry', 1, 'y'), ('entry', 2, 'z'), ('entry', 3, 'x'), ('entry', 4, 'w')
