=== Available Expressions Analysis ===
entry:
  in:  âˆ…
  out: ('add', 'a', 'b')
