main:
  B0 -> LTOP
  LBODY -> LTOP
  LEND -> 
  LTOP -> LBODY LEND
